07:48:04.533  AddDocumentTab entrada  Path=''  Mode=DMX  DocsCountAntes=0
07:48:04.540  AddDocumentTab saida  NewPosition=0  Sci=2400975859440  DocsCountDepois=1
07:48:04.540  RedrawTabBar  W=1000 H=36 StartDrawingOk=-637462463 DocsCount=1 ActiveTabPosition=-1
07:48:04.541  SetActiveTab(0)  DocsCount=1  ActiveBefore=-1
07:48:04.547  RedrawTabBar  W=1000 H=36 StartDrawingOk=-150924871 DocsCount=1 ActiveTabPosition=0
07:48:04.548  RedrawTabBar  W=1000 H=36 StartDrawingOk=-50261575 DocsCount=1 ActiveTabPosition=0
10:35:06.527  AddDocumentTab entrada  Path=''  Mode=DMX  DocsCountAntes=0
10:35:06.534  AddDocumentTab saida  NewPosition=0  Sci=2920137039504  DocsCountDepois=1
10:35:06.535  RedrawTabBar  W=1000 H=36 StartDrawingOk=-2029971363 DocsCount=1 ActiveTabPosition=-1
10:35:06.537  SetActiveTab(0)  DocsCount=1  ActiveBefore=-1
10:35:06.539  RedrawTabBar  W=1000 H=36 StartDrawingOk=-1811867459 DocsCount=1 ActiveTabPosition=0
10:35:06.540  RedrawTabBar  W=1000 H=36 StartDrawingOk=-1711204163 DocsCount=1 ActiveTabPosition=0
11:10:03.540  AddDocumentTab entrada  Path=''  Mode=DMX  DocsCountAntes=0
11:10:03.548  AddDocumentTab saida  NewPosition=0  Sci=2739863035536  DocsCountDepois=1
11:10:03.548  RedrawTabBar  W=1000 H=36 StartDrawingOk=-1962862450 DocsCount=1 ActiveTabPosition=-1
11:10:03.549  SetActiveTab(0)  DocsCount=1  ActiveBefore=-1
11:10:03.552  RedrawTabBar  W=1000 H=36 StartDrawingOk=973150029 DocsCount=1 ActiveTabPosition=0
11:10:03.554  RedrawTabBar  W=1000 H=36 StartDrawingOk=1090590541 DocsCount=1 ActiveTabPosition=0
11:18:49.496  AddDocumentTab entrada  Path=''  Mode=DMX  DocsCountAntes=0
11:18:49.501  AddDocumentTab saida  NewPosition=0  Sci=2677910806160  DocsCountDepois=1
11:18:49.501  RedrawTabBar  W=1000 H=36 StartDrawingOk=-1610544252 DocsCount=1 ActiveTabPosition=-1
11:18:49.502  SetActiveTab(0)  DocsCount=1  ActiveBefore=-1
11:18:49.506  RedrawTabBar  W=1000 H=36 StartDrawingOk=1040258608 DocsCount=1 ActiveTabPosition=0
11:18:49.507  RedrawTabBar  W=1000 H=36 StartDrawingOk=1157699120 DocsCount=1 ActiveTabPosition=0
